2026-05-31 16:53:48 [info     ] candlenet_train_data_ready     interval=30m nonevents_dropped=99252 pairs=350 primary_horizon_up_rate=0.5411 samples=8898 tb_sl_mult=1.0 tb_tp_mult=1.0
2026-05-31 16:53:48 [info     ] redis_ready                    host=redis port=6379
2026-05-31 16:53:49 [info     ] candlenet_gaf_precompute_start interval=30m samples=8898
2026-05-31 16:53:56 [info     ] candlenet_gaf_precompute_done  cache_mb=256.3 elapsed_s=7.6 interval=30m samples=8898
2026-05-31 16:54:01 [info     ] candlenet_class_balance        interval=30m pos_rate=[0.365, 0.546, 0.546] pos_weight=[1.741, 0.833, 0.833]
Traceback (most recent call last):
  File "<string>", line 6, in <module>
  File "/app/ml/candlenet.py", line 1028, in train
    for xb, gb, rb, ydir_b, ymag_b, ytrn_b in loader_val:
  File "/usr/local/lib/python3.11/site-packages/torch/utils/data/dataloader.py", line 718, in __next__
    data = self._next_data()
           ^^^^^^^^^^^^^^^^^
  File "/usr/local/lib/python3.11/site-packages/torch/utils/data/dataloader.py", line 1525, in _next_data
    return self._process_data(data, worker_id)
           ^^^^^^^^^^^^^^^^^^^^^^^^^^^^^^^^^^^
  File "/usr/local/lib/python3.11/site-packages/torch/utils/data/dataloader.py", line 1563, in _process_data
    data.reraise()
  File "/usr/local/lib/python3.11/site-packages/torch/_utils.py", line 774, in reraise
    raise exception
RuntimeError: Caught RuntimeError in DataLoader worker process 1.
Original Traceback (most recent call last):
  File "/usr/local/lib/python3.11/site-packages/torch/utils/data/_utils/worker.py", line 374, in _worker_loop
    data = fetcher.fetch(index)  # type: ignore[possibly-undefined]
           ^^^^^^^^^^^^^^^^^^^^
  File "/usr/local/lib/python3.11/site-packages/torch/utils/data/_utils/fetch.py", line 57, in fetch
    return self.collate_fn(data)
           ^^^^^^^^^^^^^^^^^^^^^
  File "/usr/local/lib/python3.11/site-packages/torch/utils/data/_utils/collate.py", line 401, in default_collate
    return collate(batch, collate_fn_map=default_collate_fn_map)
           ^^^^^^^^^^^^^^^^^^^^^^^^^^^^^^^^^^^^^^^^^^^^^^^^^^^^^
  File "/usr/local/lib/python3.11/site-packages/torch/utils/data/_utils/collate.py", line 214, in collate
    return [
           ^
  File "/usr/local/lib/python3.11/site-packages/torch/utils/data/_utils/collate.py", line 215, in <listcomp>
    collate(samples, collate_fn_map=collate_fn_map)
  File "/usr/local/lib/python3.11/site-packages/torch/utils/data/_utils/collate.py", line 155, in collate
    return collate_fn_map[elem_type](batch, collate_fn_map=collate_fn_map)
           ^^^^^^^^^^^^^^^^^^^^^^^^^^^^^^^^^^^^^^^^^^^^^^^^^^^^^^^^^^^^^^^
  File "/usr/local/lib/python3.11/site-packages/torch/utils/data/_utils/collate.py", line 273, in collate_tensor_fn
    storage = elem._typed_storage()._new_shared(numel, device=elem.device)
              ^^^^^^^^^^^^^^^^^^^^^^^^^^^^^^^^^^^^^^^^^^^^^^^^^^^^^^^^^^^^
  File "/usr/local/lib/python3.11/site-packages/torch/storage.py", line 1210, in _new_shared
    untyped_storage = torch.UntypedStorage._new_shared(
                      ^^^^^^^^^^^^^^^^^^^^^^^^^^^^^^^^^
  File "/usr/local/lib/python3.11/site-packages/torch/storage.py", line 414, in _new_shared
    return cls._new_using_fd_cpu(size)
           ^^^^^^^^^^^^^^^^^^^^^^^^^^^
RuntimeError: unable to allocate shared memory(shm) for file </torch_336_3265060969_7>: No space left on device (28)

